// Jest Snapshot v1, https://goo.gl/fbAQLP

exports[`Menu component should render Menu 1`] = `ShallowWrapper {}`;
